// Jest Snapshot v1, https://goo.gl/fbAQLP

exports[`hello 1`] = `
Array [
  Object {
    "apiVersion": "meta.pkg.crossplane.io/v1alpha1",
    "kind": "Configuration",
    "metadata": Object {
      "annotations": Object {
        "company": "Upbound",
        "keywords": "aws, cloud-native, kubernetes, example, platform, reference",
      },
      "name": "my-config",
    },
    "spec": Object {
      "crossplane": Object {
        "version": ">=v0.14.0-0",
      },
      "dependsOn": Array [
        Object {
          "provider": "crossplane/provider-aws",
          "version": ">=v0.14.0-0",
        },
      ],
    },
  },
]
`;

exports[`xrd 1`] = `
Array [
  Object {
    "apiVersion": "apiextensions.crossplane.io/v1alpha1",
    "kind": "CompositeResourceDefinition",
    "metadata": Object {
      "name": "compositepostgresqlinstances.aws.platformref.crossplane.io",
    },
    "spec": Object {
      "claimNames": Object {
        "kind": "PostgreSQLInstance",
        "plural": "postgresqlinstances",
      },
      "connectionSecretKeys": Array [
        "username",
        "password",
        "endpoint",
        "port",
      ],
      "group": "aws.platformref.crossplane.io",
      "names": Object {
        "kind": "CompositePostgreSQLInstance",
        "plural": "compositepostgresqlinstances",
      },
      "versions": Array [
        Object {
          "name": "v1alpha1",
          "referenceable": true,
          "schema": Object {
            "openAPIV3Schema": Object {
              "properties": Object {
                "spec": Object {
                  "properties": Object {
                    "parameters": Object {
                      "properties": Object {
                        "networkRef": Object {
                          "description": "A reference to the Network object that this postgres should be connected to.",
                          "properties": Object {
                            "id": Object {
                              "description": "ID of the Network object this ref points to.",
                              "type": "string",
                            },
                          },
                          "required": Array [
                            "id",
                          ],
                          "type": "object",
                        },
                        "storageGB": Object {
                          "type": "integer",
                        },
                      },
                      "required": Array [
                        "storageGB",
                        "networkRef",
                      ],
                      "type": "object",
                    },
                  },
                  "required": Array [
                    "parameters",
                  ],
                  "type": "object",
                },
              },
              "type": "object",
            },
          },
          "served": true,
        },
      ],
    },
  },
]
`;
