// Jest Snapshot v1, https://goo.gl/fbAQLP

exports[`compositeClusters 1`] = `
Array [
  Object {
    "apiVersion": "apiextensions.crossplane.io/v1beta1",
    "kind": "CompositeResourceDefinition",
    "metadata": Object {
      "annotations": Object {
        "upbound.io/ui-schema": "---
configSections:
- title: Cluster Info
  description: Information about this cluster
  items:
  - name: id
    controlType: singleInput
    type: string
    path: \\".spec.id\\"
    title: Cluster ID
    description: Cluster ID that other objects will use to refer to this cluster
    default: platform-ref-aws-cluster
    validation:
    - required: true
      customError: Cluster ID is required.
  - name: writeSecretRef
    controlType: singleInput
    type: string
    path: \\".spec.writeConnectionSecretToRef.name\\"
    title: Connection Secret Ref
    description: name of the secret to write to this namespace
    default: cluster-conn
    validation:
    - required: true
- title: Cluster Nodes
  description: Enter information to size your cluster
  items:
  - name: clusterNodeCount
    controlType: singleInput
    type: integer
    path: \\".spec.parameters.nodes.count\\"
    title: Node Count
    description: Number of nodes in the cluster
    default: 1
    validation:
    - minimum: 1
    - maximum: 100
    - required: true
      customError: Node count is required.
  - name: clusterNodeSize
    controlType: singleSelect
    path: \\".spec.parameters.nodes.size\\"
    title: Node Size
    description: Desired node count, from 1 to 100.
    default: small
    enum:
    - small
    - medium
    - large
    validation:
    - required: true
      customError: Node size is required.
- title: Cluster Networking
  description: Select a network fabric for your cluster
  items:
  - name: networkRef
    controlType: singleInput
    type: string
    path: \\".spec.parameters.networkRef.id\\"
    title: Network Ref
    description: Network fabric to connect the database to
    default: platform-ref-aws-network
    validation:
    - required: true
      customError: Network ref is required.
- title: Cluster Services
  description: Configure cluster services and operators
  items:
  - name: promVersion
    controlType: singleInput
    type: string
    path: \\".spec.parameters.services.operators.prometheus.version\\"
    title: Prometheus Chart Version
    description: The version of kube-prometheus-stack chart to install
    default: 10.1.0
    validation:
    - required: false",
      },
      "name": "compositeclusters.aws.platformref.crossplane.io",
    },
    "spec": Object {
      "claimNames": Object {
        "kind": "Cluster",
        "plural": "clusters",
      },
      "connectionSecretKeys": Array [
        "kubeconfig",
      ],
      "group": "aws.platformref.crossplane.io",
      "names": Object {
        "kind": "CompositeCluster",
        "plural": "compositeclusters",
      },
      "versions": Array [
        Object {
          "name": "v1alpha1",
          "referenceable": true,
          "schema": Object {
            "openAPIV3Schema": Object {
              "properties": Object {
                "spec": Object {
                  "properties": Object {
                    "id": Object {
                      "description": "ID of this Cluster that other objects will use to refer to it.",
                      "type": "string",
                    },
                    "parameters": Object {
                      "description": "Cluster configuration parameters.",
                      "properties": Object {
                        "networkRef": Object {
                          "description": "A reference to the Network object that this cluster should be connected to.",
                          "properties": Object {
                            "id": Object {
                              "description": "ID of the Network object this ref points to.",
                              "type": "string",
                            },
                          },
                          "required": Array [
                            "id",
                          ],
                          "type": "object",
                        },
                        "nodes": Object {
                          "description": "Cluster node configuration parameters.",
                          "properties": Object {
                            "count": Object {
                              "description": "Desired node count, from 1 to 100.",
                              "type": "integer",
                            },
                            "size": Object {
                              "description": "Size of node.",
                              "enum": Array [
                                "small",
                                "medium",
                                "large",
                              ],
                              "type": "string",
                            },
                          },
                          "required": Array [
                            "count",
                            "size",
                          ],
                          "type": "object",
                        },
                        "services": Object {
                          "description": "Services configuration parameters.",
                          "properties": Object {
                            "operators": Object {
                              "description": "Configuration for operators.",
                              "properties": Object {
                                "prometheus": Object {
                                  "description": "Configuration for the Prometheus operator.",
                                  "properties": Object {
                                    "version": Object {
                                      "description": "Prometheus operator version to run.",
                                      "type": "string",
                                    },
                                  },
                                  "type": "object",
                                },
                              },
                              "type": "object",
                            },
                          },
                          "type": "object",
                        },
                      },
                      "required": Array [
                        "nodes",
                        "networkRef",
                      ],
                      "type": "object",
                    },
                  },
                  "required": Array [
                    "id",
                    "parameters",
                  ],
                  "type": "object",
                },
              },
              "type": "object",
            },
          },
          "served": true,
        },
      ],
    },
  },
]
`;

exports[`compositeClusters 2`] = `
Array [
  Object {
    "apiVersion": "apiextensions.crossplane.io/v1beta1",
    "kind": "CompositeResourceDefinition",
    "metadata": Object {
      "annotations": Object {
        "upbound.io/ui-schema": "---
configSections:
- title: Cluster Info
  description: Information about this cluster
  items:
  - name: id
    controlType: singleInput
    type: string
    path: \\".spec.id\\"
    title: Cluster ID
    description: Cluster ID that other objects will use to refer to this cluster
    default: platform-ref-aws-cluster
    validation:
    - required: true
      customError: Cluster ID is required.
  - name: writeSecretRef
    controlType: singleInput
    type: string
    path: \\".spec.writeConnectionSecretToRef.name\\"
    title: Connection Secret Ref
    description: name of the secret to write to this namespace
    default: cluster-conn
    validation:
    - required: true
- title: Cluster Nodes
  description: Enter information to size your cluster
  items:
  - name: clusterNodeCount
    controlType: singleInput
    type: integer
    path: \\".spec.parameters.nodes.count\\"
    title: Node Count
    description: Number of nodes in the cluster
    default: 1
    validation:
    - minimum: 1
    - maximum: 100
    - required: true
      customError: Node count is required.
  - name: clusterNodeSize
    controlType: singleSelect
    path: \\".spec.parameters.nodes.size\\"
    title: Node Size
    description: Desired node count, from 1 to 100.
    default: small
    enum:
    - small
    - medium
    - large
    validation:
    - required: true
      customError: Node size is required.
- title: Cluster Networking
  description: Select a network fabric for your cluster
  items:
  - name: networkRef
    controlType: singleInput
    type: string
    path: \\".spec.parameters.networkRef.id\\"
    title: Network Ref
    description: Network fabric to connect the database to
    default: platform-ref-aws-network
    validation:
    - required: true
      customError: Network ref is required.
- title: Cluster Services
  description: Configure cluster services and operators
  items:
  - name: promVersion
    controlType: singleInput
    type: string
    path: \\".spec.parameters.services.operators.prometheus.version\\"
    title: Prometheus Chart Version
    description: The version of kube-prometheus-stack chart to install
    default: 10.1.0
    validation:
    - required: false",
      },
      "name": "compositeclusters.aws.platformref.crossplane.io",
    },
    "spec": Object {
      "claimNames": Object {
        "kind": "Cluster",
        "plural": "clusters",
      },
      "connectionSecretKeys": Array [
        "kubeconfig",
      ],
      "group": "aws.platformref.crossplane.io",
      "names": Object {
        "kind": "CompositeCluster",
        "plural": "compositeclusters",
      },
      "versions": Array [
        Object {
          "name": "v1alpha1",
          "referenceable": true,
          "schema": Object {
            "openAPIV3Schema": Object {
              "properties": Object {
                "spec": Object {
                  "properties": Object {
                    "id": Object {
                      "description": "ID of this Cluster that other objects will use to refer to it.",
                      "type": "string",
                    },
                    "parameters": Object {
                      "description": "Cluster configuration parameters.",
                      "properties": Object {
                        "networkRef": Object {
                          "description": "A reference to the Network object that this cluster should be connected to.",
                          "properties": Object {
                            "id": Object {
                              "description": "ID of the Network object this ref points to.",
                              "type": "string",
                            },
                          },
                          "required": Array [
                            "id",
                          ],
                          "type": "object",
                        },
                        "nodes": Object {
                          "description": "Cluster node configuration parameters.",
                          "properties": Object {
                            "count": Object {
                              "description": "Desired node count, from 1 to 100.",
                              "type": "integer",
                            },
                            "size": Object {
                              "description": "Size of node.",
                              "enum": Array [
                                "small",
                                "medium",
                                "large",
                              ],
                              "type": "string",
                            },
                          },
                          "required": Array [
                            "count",
                            "size",
                          ],
                          "type": "object",
                        },
                        "services": Object {
                          "description": "Services configuration parameters.",
                          "properties": Object {
                            "operators": Object {
                              "description": "Configuration for operators.",
                              "properties": Object {
                                "prometheus": Object {
                                  "description": "Configuration for the Prometheus operator.",
                                  "properties": Object {
                                    "version": Object {
                                      "description": "Prometheus operator version to run.",
                                      "type": "string",
                                    },
                                  },
                                  "type": "object",
                                },
                              },
                              "type": "object",
                            },
                          },
                          "type": "object",
                        },
                      },
                      "required": Array [
                        "nodes",
                        "networkRef",
                      ],
                      "type": "object",
                    },
                  },
                  "required": Array [
                    "id",
                    "parameters",
                  ],
                  "type": "object",
                },
              },
              "type": "object",
            },
          },
          "served": true,
        },
      ],
    },
  },
]
`;
